I'm sorry, but errors were detected in your script. Please correct the
errors listed below, and try again.


File "game/script.rpy", line 26: ATL statement contains two expressions in a row; is one of them a misspelled property? If not, separate them with pass.
    name_xpos 1000000000000000
                              ^

Ren'Py Version: Ren'Py 8.0.3.22090809
Tue Nov  8 19:37:51 2022
